CodeceptJS v3.7.4 #StandWithUkraine
Running tests in 2 workers...

bootstrap b1+bootstrap b1+b2b2CodeceptJS v3.7.4 #StandWithUkraine
CodeceptJS v3.7.4 #StandWithUkraine
Using test root "/home/runner/work/CodeceptJS/CodeceptJS/test/data/sandbox"
Helpers: FileSystem, Workers
Plugins: screenshotOnFail

Using test root "/home/runner/work/CodeceptJS/CodeceptJS/test/data/sandbox"
Helpers: FileSystem, Workers
Plugins: screenshotOnFail

@feature_grep in worker --
/home/runner/work/CodeceptJS/CodeceptJS/test/data/sandbox/workers/test_grep.workers.js
Warning: Timeout was set to 10000secs.
Global timeout should be specified in seconds.
  From worker @2_grep print message 2
@feature_grep in worker --
/home/runner/work/CodeceptJS/CodeceptJS/test/data/sandbox/workers/test_grep.workers.js
Warning: Timeout was set to 10000secs.
Global timeout should be specified in seconds.
  From worker @1_grep print message 1
[01]   ✔ From worker @2_grep print message 2 in 7ms
[02]   ✔ From worker @1_grep print message 1 in 7ms
 › Test Timeout: 10000s
 › [Dir] /home/runner/work/CodeceptJS/CodeceptJS/test/data/sandbox
  Scenario()
message 2
    I see this is worker 
  ✔ OK in 7ms

 › Test Timeout: 10000s
 › [Dir] /home/runner/work/CodeceptJS/CodeceptJS/test/data/sandbox
  Scenario()
message 1
    I see this is worker 
  ✔ OK in 7ms



  OK  | 1 passed   // 13ms
[DEBUG] Worker 2 test result stats: {
  "passes": 1,
  "failures": 0,
  "tests": 1,
  "pending": 0,
  "failedHooks": 0,
  "start": "2025-08-22T16:52:22.041Z",
  "end": "2025-08-22T16:52:22.054Z",
  "duration": 13
}
[DEBUG] Worker 2 result tests count: 1
[DEBUG] Worker 2 result failures count: 0
  OK  | 1 passed   // 14ms
[DEBUG] Worker 1 test result stats: {
  "passes": 1,
  "failures": 0,
  "tests": 1,
  "pending": 0,
  "failedHooks": 0,
  "start": "2025-08-22T16:52:22.041Z",
  "end": "2025-08-22T16:52:22.055Z",
  "duration": 14
}
[DEBUG] Worker 1 result tests count: 1
[DEBUG] Worker 1 result failures count: 0
CodeceptJS v3.7.4 #StandWithUkraine
Using test root "/home/runner/work/CodeceptJS/CodeceptJS/test/data/sandbox"
Helpers: FileSystem, Workers
Plugins: screenshotOnFail

Retry Workers --
/home/runner/work/CodeceptJS/CodeceptJS/test/data/sandbox/workers/retry_test.workers.js
Warning: Timeout was set to 10000secs.
Global timeout should be specified in seconds.
  retry a test
CodeceptJS v3.7.4 #StandWithUkraine
Using test root "/home/runner/work/CodeceptJS/CodeceptJS/test/data/sandbox"
Helpers: FileSystem, Workers
Plugins: screenshotOnFail

Workers Failing --
/home/runner/work/CodeceptJS/CodeceptJS/test/data/sandbox/workers/failing_test.worker.js
Warning: Timeout was set to 10000secs.
Global timeout should be specified in seconds.
  should not be executed
 › Test Timeout: 10000s
[02]   ✖ retry a test in 1ms
 › Test Timeout: 10000s
 › [Dir] /home/runner/work/CodeceptJS/CodeceptJS/test/data/sandbox
  Scenario()
 › Test Timeout: 10000s
[01]   ✖ should not be executed in 0ms
[02]   ✔ retry a test in 2ms
 › [Dir] /home/runner/work/CodeceptJS/CodeceptJS/test/data/sandbox
  Scenario()
  ✔ OK in 1ms


 › [Dir] /home/runner/work/CodeceptJS/CodeceptJS/test/data/sandbox
  Before()
  ✖ FAILED in 2ms

  OK  | 2 passed   // 5ms
[DEBUG] Worker 2 test result stats: {
  "passes": 2,
  "failures": 0,
  "tests": 2,
  "pending": 0,
  "failedHooks": 0,
  "start": "2025-08-22T16:52:22.041Z",
  "end": "2025-08-22T16:52:22.063Z",
  "duration": 5
}
[DEBUG] Worker 2 result tests count: 3
[DEBUG] Worker 2 result failures count: 0

-- FAILURES:

  1) Workers Failing
       "before each" hook: Before for "should not be executed":
     
  worker has failed
      at Context.<anonymous> (test/data/sandbox/workers/failing_test.worker.js:4:9)
      at promiseRetry.retries.retries (lib/mocha/asyncWrapper.js:165:20)
      at /home/runner/work/CodeceptJS/CodeceptJS/node_modules/promise-retry/index.js:29:24
  
  
  ◯ File: file:///home/runner/work/CodeceptJS/CodeceptJS/test/data/sandbox/workers/failing_test.worker.js
  


  FAIL  | 1 passed, 1 failed, 1 failedHooks   // 5ms
Run with --verbose flag to see complete NodeJS stacktrace
[DEBUG] Worker 1 test result stats: {
  "passes": 1,
  "failures": 1,
  "tests": 1,
  "pending": 0,
  "failedHooks": 1,
  "start": "2025-08-22T16:52:22.041Z",
  "end": "2025-08-22T16:52:22.064Z",
  "duration": 5
}
[DEBUG] Worker 1 result tests count: 2
[DEBUG] Worker 1 result failures count: 1
CodeceptJS v3.7.4 #StandWithUkraine
Using test root "/home/runner/work/CodeceptJS/CodeceptJS/test/data/sandbox"
Helpers: FileSystem, Workers
Plugins: screenshotOnFail

CodeceptJS v3.7.4 #StandWithUkraine
Using test root "/home/runner/work/CodeceptJS/CodeceptJS/test/data/sandbox"
Helpers: FileSystem, Workers
Plugins: screenshotOnFail

[02]   ✔ say something in 1ms
Workers --
/home/runner/work/CodeceptJS/CodeceptJS/test/data/sandbox/workers/base_test.workers.js
Warning: Timeout was set to 10000secs.
Global timeout should be specified in seconds.
  glob current dir
Workers --
/home/runner/work/CodeceptJS/CodeceptJS/test/data/sandbox/workers/base_test.workers.js
Warning: Timeout was set to 10000secs.
Global timeout should be specified in seconds.
  say something
 › Test Timeout: 10000s
 › [Dir] /home/runner/work/CodeceptJS/CodeceptJS/test/data/sandbox
  Scenario()
    I say "Hello Workers"
   Hello Workers
    I see this is worker 
  ✔ OK in 1ms


  OK  | 3 passed   // 3ms
[DEBUG] Worker 2 test result stats: {
  "passes": 3,
  "failures": 0,
  "tests": 3,
  "pending": 0,
  "failedHooks": 0,
  "start": "2025-08-22T16:52:22.041Z",
  "end": "2025-08-22T16:52:22.068Z",
  "duration": 3
}
[DEBUG] Worker 2 result tests count: 4
[DEBUG] Worker 2 result failures count: 0
[01]   ✔ glob current dir in 2ms
 › Test Timeout: 10000s
 › [Dir] /home/runner/work/CodeceptJS/CodeceptJS/test/data/sandbox
  Scenario()
    I am in path "."
    › [Dir] /home/runner/work/CodeceptJS/CodeceptJS/test/data/sandbox
    I say "hello world"
   hello world
    I see this is worker 
    I see file "codecept.glob.js"
    › [File] /home/runner/work/CodeceptJS/CodeceptJS/test/data/sandbox/codecept.glob.js
  ✔ OK in 2ms

CodeceptJS v3.7.4 #StandWithUkraine
Using test root "/home/runner/work/CodeceptJS/CodeceptJS/test/data/sandbox"
Helpers: FileSystem, Workers
Plugins: screenshotOnFail


Workers --
/home/runner/work/CodeceptJS/CodeceptJS/test/data/sandbox/workers/base_test.workers.js
Warning: Timeout was set to 10000secs.
Global timeout should be specified in seconds.
  fail a test
-- FAILURES:


  FAIL  | 2 passed, 1 failed, 1 failedHooks   // 3ms
Run with --verbose flag to see complete NodeJS stacktrace
[DEBUG] Worker 1 test result stats: {
  "passes": 2,
  "failures": 1,
  "tests": 2,
  "pending": 0,
  "failedHooks": 1,
  "start": "2025-08-22T16:52:22.041Z",
  "end": "2025-08-22T16:52:22.070Z",
  "duration": 3
}
[DEBUG] Worker 1 result tests count: 3
[DEBUG] Worker 1 result failures count: 1
[DEBUG] Worker 1 final consolidated stats: {
  "passes": 4,
  "failures": 2,
  "tests": 4,
  "pending": 0,
  "failedHooks": 2
}
[DEBUG] Worker 1 final result tests count: 6
[DEBUG] Worker 1 final result failures count: 2
[02]   ✖ fail a test in 2ms
 › Test Timeout: 10000s
 › [Dir] /home/runner/work/CodeceptJS/CodeceptJS/test/data/sandbox
  Scenario()
    I am in path "."
    › [Dir] /home/runner/work/CodeceptJS/CodeceptJS/test/data/sandbox
    I see this is worker 
    I see file "notafile"
    › [File] /home/runner/work/CodeceptJS/CodeceptJS/test/data/sandbox/notafile
  ✖ FAILED in 2ms


-- FAILURES:

  1) Workers
       fail a test:

      
  File notafile not found in /home/runner/work/CodeceptJS/CodeceptJS/test/data/sandbox
      + expected - actual

      -false
      +true
      
  AssertionError [ERR_ASSERTION]: 
      at FileSystem.seeFile (lib/helper/FileSystem.js:70:12)
      at HelperStep.run (lib/step/helper.js:28:49)
  
  
  ◯ File: file:///home/runner/work/CodeceptJS/CodeceptJS/test/data/sandbox/workers/base_test.workers.js
  
  ◯ Scenario Steps:
  ✖ I.seeFile("notafile") at Test.<anonymous> (./workers/base_test.workers.js:18:5)
  ✔ I.seeThisIsWorker() at Test.<anonymous> (./workers/base_test.workers.js:17:5)
  ✔ I.amInPath(".") at Test.<anonymous> (./workers/base_test.workers.js:16:5)
  


  FAIL  | 3 passed, 1 failed   // 5ms
Run with --verbose flag to see complete NodeJS stacktrace
[DEBUG] Worker 2 test result stats: {
  "passes": 3,
  "failures": 1,
  "tests": 4,
  "pending": 0,
  "failedHooks": 0,
  "start": "2025-08-22T16:52:22.041Z",
  "end": "2025-08-22T16:52:22.075Z",
  "duration": 5
}
[DEBUG] Worker 2 result tests count: 5
[DEBUG] Worker 2 result failures count: 1
[DEBUG] Worker 2 final consolidated stats: {
  "passes": 9,
  "failures": 1,
  "tests": 10,
  "pending": 0,
  "failedHooks": 0
}
[DEBUG] Worker 2 final result tests count: 13
[DEBUG] Worker 2 final result failures count: 1

  OK  | 0 passed   // 462ms
