CodeceptJS v3.7.4 #StandWithUkraine
Running tests in 2 workers...

bootstrap b1+bootstrap b1+b2b2CodeceptJS v3.7.4 #StandWithUkraine
CodeceptJS v3.7.4 #StandWithUkraine
Using test root "/home/runner/work/CodeceptJS/CodeceptJS/test/data/sandbox"
Helpers: FileSystem, Workers
Plugins: screenshotOnFail

Using test root "/home/runner/work/CodeceptJS/CodeceptJS/test/data/sandbox"
Helpers: FileSystem, Workers
Plugins: screenshotOnFail

@feature_grep in worker --
/home/runner/work/CodeceptJS/CodeceptJS/test/data/sandbox/workers/test_grep.workers.js
@feature_grep in worker --
/home/runner/work/CodeceptJS/CodeceptJS/test/data/sandbox/workers/test_grep.workers.js
[DEBUG] Main process received message with event: suite.before from worker 1
[DEBUG] Main process received message with event: suite.before from worker 2
Warning: Timeout was set to 10000secs.
Global timeout should be specified in seconds.
  From worker @2_grep print message 2
Warning: Timeout was set to 10000secs.
Global timeout should be specified in seconds.
  From worker @1_grep print message 1
[DEBUG] Main process received message with event: test.before from worker 1
[DEBUG] Main process received message with event: test.before from worker 2
[DEBUG] Main process received message with event: test.start from worker 1
[DEBUG] Main process received message with event: test.start from worker 2
[DEBUG] Main process received message with event: step.start from worker 1
[DEBUG] Main process received message with event: step.start from worker 2
[DEBUG] Main process received message with event: step.passed from worker 1
[DEBUG] Main process received message with event: step.passed from worker 2
[DEBUG] Main process received message with event: step.finish from worker 1
[DEBUG] Main process received message with event: step.finish from worker 2
[DEBUG] Main process received message with event: test.passed from worker 1
[01]   ✔ From worker @2_grep print message 2 in 9ms
[DEBUG] Main process received message with event: test.finish from worker 1
[DEBUG] Main process received message with event: test.passed from worker 2
[02]   ✔ From worker @1_grep print message 1 in 9ms
[DEBUG] Main process received message with event: test.finish from worker 2
 › Test Timeout: 10000s
 › [Dir] /home/runner/work/CodeceptJS/CodeceptJS/test/data/sandbox
  Scenario()
message 2
    I see this is worker 
  ✔ OK in 10ms

 › Test Timeout: 10000s
 › [Dir] /home/runner/work/CodeceptJS/CodeceptJS/test/data/sandbox
  Scenario()
message 1
    I see this is worker 
  ✔ OK in 10ms

[DEBUG] Main process received message with event: test.after from worker 1
[DEBUG] Main process received message with event: test.after from worker 2
[DEBUG] Main process received message with event: suite.after from worker 1
[DEBUG] Main process received message with event: suite.after from worker 2


  OK  | 1 passed   // 17ms
[DEBUG] Worker 1 test result stats: {
  "passes": 1,
  "failures": 0,
  "tests": 1,
  "pending": 0,
  "failedHooks": 0,
  "start": "2025-08-22T16:58:49.584Z",
  "end": "2025-08-22T16:58:49.601Z",
  "duration": 17
}
[DEBUG] Worker 1 result tests count: 1
[DEBUG] Worker 1 result failures count: 0
  OK  | 1 passed   // 17ms
[DEBUG] Worker 2 test result stats: {
  "passes": 1,
  "failures": 0,
  "tests": 1,
  "pending": 0,
  "failedHooks": 0,
  "start": "2025-08-22T16:58:49.584Z",
  "end": "2025-08-22T16:58:49.601Z",
  "duration": 17
}
[DEBUG] Worker 2 result tests count: 1
[DEBUG] Worker 2 result failures count: 0
CodeceptJS v3.7.4 #StandWithUkraine
Using test root "/home/runner/work/CodeceptJS/CodeceptJS/test/data/sandbox"
Helpers: FileSystem, Workers
Plugins: screenshotOnFail

CodeceptJS v3.7.4 #StandWithUkraine
Using test root "/home/runner/work/CodeceptJS/CodeceptJS/test/data/sandbox"
Helpers: FileSystem, Workers
Plugins: screenshotOnFail

Retry Workers --
/home/runner/work/CodeceptJS/CodeceptJS/test/data/sandbox/workers/retry_test.workers.js
Workers Failing --
/home/runner/work/CodeceptJS/CodeceptJS/test/data/sandbox/workers/failing_test.worker.js
[DEBUG] Main process received message with event: suite.before from worker 1
[DEBUG] Main process received message with event: suite.before from worker 2
Warning: Timeout was set to 10000secs.
Global timeout should be specified in seconds.
  retry a test
Warning: Timeout was set to 10000secs.
Global timeout should be specified in seconds.
  should not be executed
 › Test Timeout: 10000s
 › Test Timeout: 10000s
[DEBUG] Main process received message with event: test.before from worker 2
[DEBUG] Main process received message with event: test.before from worker 1
[DEBUG] Main process received message with event: test.start from worker 1
[DEBUG] Main process received message with event: test.failed from worker 1
[01]   ✖ retry a test in 2ms
[DEBUG] Main process received message with event: test.finish from worker 1
[DEBUG] Main process received message with event: test.failed from worker 2
[02]   ✖ should not be executed in 0ms
[DEBUG] Main process received message with event: hook.failed from worker 2
[DEBUG] Main process received message with event: hook.finished from worker 2
 › [Dir] /home/runner/work/CodeceptJS/CodeceptJS/test/data/sandbox
  Scenario()
[DEBUG] Main process received message with event: test.after from worker 1
 › Test Timeout: 10000s
[DEBUG] Main process received message with event: test.before from worker 1
 › [Dir] /home/runner/work/CodeceptJS/CodeceptJS/test/data/sandbox
  Before()
  ✖ FAILED in 2ms

[DEBUG] Main process received message with event: test.after from worker 2
[DEBUG] Main process received message with event: test.start from worker 1
[DEBUG] Main process received message with event: suite.after from worker 2

[DEBUG] Main process received message with event: test.passed from worker 1
[01]   ✔ retry a test in 2ms
[DEBUG] Main process received message with event: test.finish from worker 1
 › [Dir] /home/runner/work/CodeceptJS/CodeceptJS/test/data/sandbox
  Scenario()
  ✔ OK in 1ms

[DEBUG] Main process received message with event: test.after from worker 1
[DEBUG] Main process received message with event: suite.after from worker 1

  OK  | 2 passed   // 7ms
[DEBUG] Worker 1 test result stats: {
  "passes": 2,
  "failures": 0,
  "tests": 2,
  "pending": 0,
  "failedHooks": 0,
  "start": "2025-08-22T16:58:49.584Z",
  "end": "2025-08-22T16:58:49.612Z",
  "duration": 7
}
[DEBUG] Worker 1 result tests count: 3
[DEBUG] Worker 1 result failures count: 0
-- FAILURES:

  1) Workers Failing
       "before each" hook: Before for "should not be executed":
     
  worker has failed
      at Context.<anonymous> (test/data/sandbox/workers/failing_test.worker.js:4:9)
      at promiseRetry.retries.retries (lib/mocha/asyncWrapper.js:165:20)
      at /home/runner/work/CodeceptJS/CodeceptJS/node_modules/promise-retry/index.js:29:24
  
  
  ◯ File: file:///home/runner/work/CodeceptJS/CodeceptJS/test/data/sandbox/workers/failing_test.worker.js
  


  FAIL  | 1 passed, 1 failed, 1 failedHooks   // 6ms
Run with --verbose flag to see complete NodeJS stacktrace
[DEBUG] Worker 2 test result stats: {
  "passes": 1,
  "failures": 1,
  "tests": 1,
  "pending": 0,
  "failedHooks": 1,
  "start": "2025-08-22T16:58:49.584Z",
  "end": "2025-08-22T16:58:49.611Z",
  "duration": 6
}
[DEBUG] Worker 2 result tests count: 2
[DEBUG] Worker 2 result failures count: 1
CodeceptJS v3.7.4 #StandWithUkraine
Using test root "/home/runner/work/CodeceptJS/CodeceptJS/test/data/sandbox"
Helpers: FileSystem, Workers
Plugins: screenshotOnFail

Workers --
/home/runner/work/CodeceptJS/CodeceptJS/test/data/sandbox/workers/base_test.workers.js
Warning: Timeout was set to 10000secs.
Global timeout should be specified in seconds.
[DEBUG] Main process received message with event: suite.before from worker 1
  say something
CodeceptJS v3.7.4 #StandWithUkraine
Using test root "/home/runner/work/CodeceptJS/CodeceptJS/test/data/sandbox"
Helpers: FileSystem, Workers
Plugins: screenshotOnFail

[DEBUG] Main process received message with event: test.before from worker 1
Workers --
/home/runner/work/CodeceptJS/CodeceptJS/test/data/sandbox/workers/base_test.workers.js
[DEBUG] Main process received message with event: test.start from worker 1
Warning: Timeout was set to 10000secs.
Global timeout should be specified in seconds.
[DEBUG] Main process received message with event: suite.before from worker 2
  glob current dir
 › Test Timeout: 10000s
[DEBUG] Main process received message with event: test.before from worker 2
[DEBUG] Main process received message with event: test.start from worker 2
[DEBUG] Main process received message with event: step.start from worker 1
[DEBUG] Main process received message with event: step.passed from worker 1
[DEBUG] Main process received message with event: step.finish from worker 1
[DEBUG] Main process received message with event: step.start from worker 1
[DEBUG] Main process received message with event: step.passed from worker 1
[DEBUG] Main process received message with event: step.finish from worker 1
[DEBUG] Main process received message with event: test.passed from worker 1
[01]   ✔ say something in 2ms
[DEBUG] Main process received message with event: test.finish from worker 1
 › Test Timeout: 10000s
 › [Dir] /home/runner/work/CodeceptJS/CodeceptJS/test/data/sandbox
  Scenario()
    I say "Hello Workers"
   Hello Workers
    I see this is worker 
  ✔ OK in 2ms

[DEBUG] Main process received message with event: test.after from worker 1
[DEBUG] Main process received message with event: suite.after from worker 1

[DEBUG] Main process received message with event: step.start from worker 2
[DEBUG] Main process received message with event: step.passed from worker 2
[DEBUG] Main process received message with event: step.finish from worker 2
  OK  | 3 passed   // 4ms
[DEBUG] Worker 1 test result stats: {
  "passes": 3,
  "failures": 0,
  "tests": 3,
  "pending": 0,
  "failedHooks": 0,
  "start": "2025-08-22T16:58:49.584Z",
  "end": "2025-08-22T16:58:49.619Z",
  "duration": 4
}
[DEBUG] Worker 1 result tests count: 4
[DEBUG] Worker 1 result failures count: 0
[DEBUG] Main process received message with event: step.start from worker 2
[DEBUG] Main process received message with event: step.passed from worker 2
[DEBUG] Main process received message with event: step.finish from worker 2
[DEBUG] Main process received message with event: step.start from worker 2
[DEBUG] Main process received message with event: step.passed from worker 2
[DEBUG] Main process received message with event: step.finish from worker 2
[DEBUG] Main process received message with event: step.start from worker 2
[DEBUG] Main process received message with event: step.passed from worker 2
[DEBUG] Main process received message with event: step.finish from worker 2
[DEBUG] Main process received message with event: test.passed from worker 2
[02]   ✔ glob current dir in 3ms
[DEBUG] Main process received message with event: test.finish from worker 2
 › [Dir] /home/runner/work/CodeceptJS/CodeceptJS/test/data/sandbox
  Scenario()
    I am in path "."
    › [Dir] /home/runner/work/CodeceptJS/CodeceptJS/test/data/sandbox
    I say "hello world"
   hello world
    I see this is worker 
    I see file "codecept.glob.js"
    › [File] /home/runner/work/CodeceptJS/CodeceptJS/test/data/sandbox/codecept.glob.js
  ✔ OK in 3ms

[DEBUG] Main process received message with event: test.after from worker 2
[DEBUG] Main process received message with event: suite.after from worker 2
CodeceptJS v3.7.4 #StandWithUkraine
Using test root "/home/runner/work/CodeceptJS/CodeceptJS/test/data/sandbox"
Helpers: FileSystem, Workers
Plugins: screenshotOnFail


Workers --
/home/runner/work/CodeceptJS/CodeceptJS/test/data/sandbox/workers/base_test.workers.js
[DEBUG] Main process received message with event: suite.before from worker 1
-- FAILURES:


  FAIL  | 2 passed, 1 failed, 1 failedHooks   // 5ms
Run with --verbose flag to see complete NodeJS stacktrace
[DEBUG] Worker 2 test result stats: {
  "passes": 2,
  "failures": 1,
  "tests": 2,
  "pending": 0,
  "failedHooks": 1,
  "start": "2025-08-22T16:58:49.584Z",
  "end": "2025-08-22T16:58:49.621Z",
  "duration": 5
}
[DEBUG] Worker 2 result tests count: 3
[DEBUG] Worker 2 result failures count: 1
Warning: Timeout was set to 10000secs.
Global timeout should be specified in seconds.
  fail a test
 › Test Timeout: 10000s
[DEBUG] Main process received message with event: test.before from worker 1
[DEBUG] Main process received message with event: test.start from worker 1
[DEBUG] Pool worker 2 about to send final results
[DEBUG] Pool worker 2 consolidated stats: {
  "passes": 4,
  "failures": 2,
  "tests": 4,
  "pending": 0,
  "failedHooks": 2
}
[DEBUG] Worker 2 final consolidated stats: {
  "passes": 4,
  "failures": 2,
  "tests": 4,
  "pending": 0,
  "failedHooks": 2
}
[DEBUG] Worker 2 final result tests count: 6
[DEBUG] Worker 2 final result failures count: 2
[DEBUG] Main process received message with event: step.start from worker 1
[DEBUG] Main process received message with event: step.passed from worker 1
[DEBUG] Main process received message with event: step.finish from worker 1
[DEBUG] Main process received message with event: step.start from worker 1
[DEBUG] Main process received message with event: step.passed from worker 1
[DEBUG] Main process received message with event: step.finish from worker 1
[DEBUG] Main process received message with event: step.start from worker 1
[DEBUG] Main process received message with event: step.failed from worker 1
[DEBUG] Main process received message with event: step.finish from worker 1
[DEBUG] Main process received message with event: test.failed from worker 1
[01]   ✖ fail a test in 2ms
[DEBUG] Main process received message with event: test.finish from worker 1
 › [Dir] /home/runner/work/CodeceptJS/CodeceptJS/test/data/sandbox
  Scenario()
    I am in path "."
    › [Dir] /home/runner/work/CodeceptJS/CodeceptJS/test/data/sandbox
    I see this is worker 
    I see file "notafile"
    › [File] /home/runner/work/CodeceptJS/CodeceptJS/test/data/sandbox/notafile
  ✖ FAILED in 3ms

[DEBUG] Main process received message with event: test.after from worker 1
[DEBUG] Main process received message with event: suite.after from worker 1

-- FAILURES:

  1) Workers
       fail a test:

      
  File notafile not found in /home/runner/work/CodeceptJS/CodeceptJS/test/data/sandbox
      + expected - actual

      -false
      +true
      
  AssertionError [ERR_ASSERTION]: 
      at FileSystem.seeFile (lib/helper/FileSystem.js:70:12)
      at HelperStep.run (lib/step/helper.js:28:49)
  
  
  ◯ File: file:///home/runner/work/CodeceptJS/CodeceptJS/test/data/sandbox/workers/base_test.workers.js
  
  ◯ Scenario Steps:
  ✖ I.seeFile("notafile") at Test.<anonymous> (./workers/base_test.workers.js:18:5)
  ✔ I.seeThisIsWorker() at Test.<anonymous> (./workers/base_test.workers.js:17:5)
  ✔ I.amInPath(".") at Test.<anonymous> (./workers/base_test.workers.js:16:5)
  


  FAIL  | 3 passed, 1 failed   // 5ms
Run with --verbose flag to see complete NodeJS stacktrace
[DEBUG] Worker 1 test result stats: {
  "passes": 3,
  "failures": 1,
  "tests": 4,
  "pending": 0,
  "failedHooks": 0,
  "start": "2025-08-22T16:58:49.584Z",
  "end": "2025-08-22T16:58:49.626Z",
  "duration": 5
}
[DEBUG] Worker 1 result tests count: 5
[DEBUG] Worker 1 result failures count: 1
[DEBUG] Pool worker 1 about to send final results
[DEBUG] Pool worker 1 consolidated stats: {
  "passes": 9,
  "failures": 1,
  "tests": 10,
  "pending": 0,
  "failedHooks": 0
}
[DEBUG] Worker 1 final consolidated stats: {
  "passes": 9,
  "failures": 1,
  "tests": 10,
  "pending": 0,
  "failedHooks": 0
}
[DEBUG] Worker 1 final result tests count: 13
[DEBUG] Worker 1 final result failures count: 1
[DEBUG] _finishRun() - Final container stats: {
  "passes": 0,
  "failures": 0,
  "tests": 0,
  "pending": 0,
  "failedHooks": 0,
  "start": null,
  "end": null,
  "duration": 0
}
[DEBUG] _finishRun() - Container tests: 0
[DEBUG] _finishRun() - Container failures: 0

  OK  | 0 passed   // 474ms
